1. E(lambda_R2) vs E(-lambda_R2), and J_s across the range
   N= 6 (N%4=2)  |E(x)-E(-x)|max=2.66e-15   |E(x)-E(0)|max=8.882e-16   |J_s(x)-J_s(0)|max=1.78e-12
   N= 8 (N%4=0)  |E(x)-E(-x)|max=2.99e-03   |E(x)-E(0)|max=5.837e-02   |J_s(x)-J_s(0)|max=1.30e-01
   N=10 (N%4=2)  |E(x)-E(-x)|max=0.00e+00   |E(x)-E(0)|max=3.553e-15   |J_s(x)-J_s(0)|max=1.07e-11

2. candidate operators U with U H U^-1 = H(lambda_R2 -> -lambda_R2)?
   N= 6  operators that work: NONE
   N= 8  operators that work: NONE
   N=10  operators that work: NONE

3. what the spinless lemma does and does not settle
   E even in lambda_R2 would give dJ_s/d(lambda_R2)=0 at 0, not independence
   over a range. Section 1 above measures which of the two we actually have.
V_ii en la base propia de H (lEO=0.039, lR1=0.12, lR2=0.15, phi/phi0=1/4)
sin fase de Peierls:

  N= 6 (N%4=2)
     V_ii ocupados : [-0.2923 -0.0538  0.      0.2923  0.      0.0538]
     suma ocupada  : +2.845e-16      suma vacia: -7.216e-16     traza total: -3.886e-16
     |V_ii + V_(N+1-i,N+1-i)| max sobre ocupados = 2.92e-01

  N= 8 (N%4=0)
     V_ii ocupados : [-0.3109 -0.0624 -0.0068  0.3109  0.0107  0.0624 -0.2069  0.0068]
     suma ocupada  : -1.963e-01      suma vacia: +1.963e-01     traza total: -1.665e-16
     |V_ii + V_(N+1-i,N+1-i)| max sobre ocupados = 3.22e-01

  N=10 (N%4=2)
     V_ii ocupados : [-0.3032 -0.0658 -0.1168  0.3032 -0.0584  0.0658 -0.      0.1168 -0.      0.0584]
     suma ocupada  : +5.204e-16      suma vacia: +1.166e-15     traza total: +1.610e-15
     |V_ii + V_(N+1-i,N+1-i)| max sobre ocupados = 3.03e-01

  N=14 (N%4=2)
     V_ii ocupados : [-0.2697 -0.0672 -0.2836  0.2697 -0.1689  0.0672 -0.0303  0.2836 -0.007   0.1689 -0.      0.0303 -0.      0.007 ]
     suma ocupada  : +8.327e-17      suma vacia: +1.277e-15     traza total: +8.327e-16
     |V_ii + V_(N+1-i,N+1-i)| max sobre ocupados = 2.70e-01

  OK   Tgen^N = -1
  OK   k=pi/2 permitido  <=>  N = 2 (mod 4)
  OK   [Tgen,H]=[Tgen,V]=0 (con y sin la fase)
  OK   V = 0 identicamente en los bloques k=+-pi/2
  OK   Tr_k V = 0 en TODOS los bloques
  OK   con la fase restaurada V ya NO se anula en k=+-pi/2
  OK   dE/d(lambda_R2)=0  <=>  N=2(mod4) Y solo k=+-pi/2 partidos

VERDICT: PASS

1. E(lambda_R2) vs E(-lambda_R2), and J_s across the range
   N= 6 (N%4=2)  |E(x)-E(-x)|max=2.66e-15   |E(x)-E(0)|max=8.882e-16   |J_s(x)-J_s(0)|max=1.78e-12
   N= 8 (N%4=0)  |E(x)-E(-x)|max=2.99e-03   |E(x)-E(0)|max=5.837e-02   |J_s(x)-J_s(0)|max=1.30e-01
   N=10 (N%4=2)  |E(x)-E(-x)|max=0.00e+00   |E(x)-E(0)|max=3.553e-15   |J_s(x)-J_s(0)|max=1.07e-11

2. candidate operators U with U H U^-1 = H(lambda_R2 -> -lambda_R2)?
   N= 6  operators that work: NONE
   N= 8  operators that work: NONE
   N=10  operators that work: NONE

3. what the spinless lemma does and does not settle
   E even in lambda_R2 would give dJ_s/d(lambda_R2)=0 at 0, not independence
   over a range. Section 1 above measures which of the two we actually have.
V_ii en la base propia de H (lEO=0.039, lR1=0.12, lR2=0.15, phi/phi0=1/4)
sin fase de Peierls:

  N= 6 (N%4=2)
     V_ii ocupados : [-0.2923 -0.0538  0.      0.2923  0.      0.0538]
     suma ocupada  : +2.845e-16      suma vacia: -7.216e-16     traza total: -3.886e-16
     |V_ii + V_(N+1-i,N+1-i)| max sobre ocupados = 2.92e-01

  N= 8 (N%4=0)
     V_ii ocupados : [-0.3109 -0.0624 -0.0068  0.3109  0.0107  0.0624 -0.2069  0.0068]
     suma ocupada  : -1.963e-01      suma vacia: +1.963e-01     traza total: -1.665e-16
     |V_ii + V_(N+1-i,N+1-i)| max sobre ocupados = 3.22e-01

  N=10 (N%4=2)
     V_ii ocupados : [-0.3032 -0.0658 -0.1168  0.3032 -0.0584  0.0658 -0.      0.1168 -0.      0.0584]
     suma ocupada  : +5.204e-16      suma vacia: +1.166e-15     traza total: +1.610e-15
     |V_ii + V_(N+1-i,N+1-i)| max sobre ocupados = 3.03e-01

  N=14 (N%4=2)
     V_ii ocupados : [-0.2697 -0.0672 -0.2836  0.2697 -0.1689  0.0672 -0.0303  0.2836 -0.007   0.1689 -0.      0.0303 -0.      0.007 ]
     suma ocupada  : +8.327e-17      suma vacia: +1.277e-15     traza total: +8.327e-16
     |V_ii + V_(N+1-i,N+1-i)| max sobre ocupados = 2.70e-01

  OK   Tgen^N = -1
  OK   k=pi/2 permitido  <=>  N = 2 (mod 4)
  OK   [Tgen,H]=[Tgen,V]=0 (con y sin la fase)
  OK   V = 0 identicamente en los bloques k=+-pi/2
  OK   Tr_k V = 0 en TODOS los bloques
  OK   con la fase restaurada V ya NO se anula en k=+-pi/2
  OK   dE/d(lambda_R2)=0  <=>  N=2(mod4) Y solo k=+-pi/2 partidos

VERDICT: PASS
que bloques parte el nivel de Fermi (k/pi)

  acoplo debil (lEO=0.039, lR1=0.12, lR2=0.15, phi=0.25):
     N= 6: [np.float64(-0.5), np.float64(0.5)]
     N=10: [np.float64(-0.5), np.float64(0.5)]
     N=14: [np.float64(-0.5), np.float64(0.5)]
     N=18: [np.float64(-0.5), np.float64(0.5)]

  acoplo fuerte (lEO=0.2, lR1=0.3, lR2=0.3, phi=0.4)  <- donde la regla falla:
     N= 6: [np.float64(-0.5), np.float64(0.5)]
     N=10: [np.float64(-0.5), np.float64(-0.3), np.float64(0.5), np.float64(0.7)]
     N=14: [np.float64(-0.5), np.float64(-0.357), np.float64(0.5), np.float64(0.643)]
     N=18: [np.float64(-0.5), np.float64(-0.389), np.float64(0.5), np.float64(0.611)]
