1. E(lambda_R2) vs E(-lambda_R2), and J_s across the range
   N= 6 (N%4=2)  |E(x)-E(-x)|max=2.66e-15   |E(x)-E(0)|max=8.882e-16   |J_s(x)-J_s(0)|max=1.78e-12
   N= 8 (N%4=0)  |E(x)-E(-x)|max=2.99e-03   |E(x)-E(0)|max=5.837e-02   |J_s(x)-J_s(0)|max=1.30e-01
   N=10 (N%4=2)  |E(x)-E(-x)|max=0.00e+00   |E(x)-E(0)|max=3.553e-15   |J_s(x)-J_s(0)|max=1.07e-11

2. candidate operators U with U H U^-1 = H(lambda_R2 -> -lambda_R2)?
   N= 6  operators that work: NONE
   N= 8  operators that work: NONE
   N=10  operators that work: NONE

3. what the spinless lemma does and does not settle
   E even in lambda_R2 would give dJ_s/d(lambda_R2)=0 at 0, not independence
   over a range. Section 1 above measures which of the two we actually have.
V_ii en la base propia de H (lEO=0.039, lR1=0.12, lR2=0.15, phi/phi0=1/4)
sin fase de Peierls:

  N= 6 (N%4=2)
     V_ii ocupados : [-0.2923 -0.0538  0.      0.2923  0.      0.0538]
     suma ocupada  : +2.845e-16      suma vacia: -7.216e-16     traza total: -3.886e-16
     |V_ii + V_(N+1-i,N+1-i)| max sobre ocupados = 2.92e-01

  N= 8 (N%4=0)
     V_ii ocupados : [-0.3109 -0.0624 -0.0068  0.3109  0.0107  0.0624 -0.2069  0.0068]
     suma ocupada  : -1.963e-01      suma vacia: +1.963e-01     traza total: -1.665e-16
     |V_ii + V_(N+1-i,N+1-i)| max sobre ocupados = 3.22e-01

  N=10 (N%4=2)
     V_ii ocupados : [-0.3032 -0.0658 -0.1168  0.3032 -0.0584  0.0658 -0.      0.1168 -0.      0.0584]
     suma ocupada  : +5.204e-16      suma vacia: +1.166e-15     traza total: +1.610e-15
     |V_ii + V_(N+1-i,N+1-i)| max sobre ocupados = 3.03e-01

  N=14 (N%4=2)
     V_ii ocupados : [-0.2697 -0.0672 -0.2836  0.2697 -0.1689  0.0672 -0.0303  0.2836 -0.007   0.1689 -0.      0.0303 -0.      0.007 ]
     suma ocupada  : +8.327e-17      suma vacia: +1.277e-15     traza total: +8.327e-16
     |V_ii + V_(N+1-i,N+1-i)| max sobre ocupados = 2.70e-01


1. E(lambda_R2) vs E(-lambda_R2), and J_s across the range
   N= 6 (N%4=2)  |E(x)-E(-x)|max=2.66e-15   |E(x)-E(0)|max=8.882e-16   |J_s(x)-J_s(0)|max=1.78e-12
   N= 8 (N%4=0)  |E(x)-E(-x)|max=2.99e-03   |E(x)-E(0)|max=5.837e-02   |J_s(x)-J_s(0)|max=1.30e-01
   N=10 (N%4=2)  |E(x)-E(-x)|max=0.00e+00   |E(x)-E(0)|max=3.553e-15   |J_s(x)-J_s(0)|max=1.07e-11

2. candidate operators U with U H U^-1 = H(lambda_R2 -> -lambda_R2)?
   N= 6  operators that work: NONE
   N= 8  operators that work: NONE
   N=10  operators that work: NONE

3. what the spinless lemma does and does not settle
   E even in lambda_R2 would give dJ_s/d(lambda_R2)=0 at 0, not independence
   over a range. Section 1 above measures which of the two we actually have.
V_ii en la base propia de H (lEO=0.039, lR1=0.12, lR2=0.15, phi/phi0=1/4)
sin fase de Peierls:

  N= 6 (N%4=2)
     V_ii ocupados : [-0.2923 -0.0538  0.      0.2923  0.      0.0538]
     suma ocupada  : +2.845e-16      suma vacia: -7.216e-16     traza total: -3.886e-16
     |V_ii + V_(N+1-i,N+1-i)| max sobre ocupados = 2.92e-01

  N= 8 (N%4=0)
     V_ii ocupados : [-0.3109 -0.0624 -0.0068  0.3109  0.0107  0.0624 -0.2069  0.0068]
     suma ocupada  : -1.963e-01      suma vacia: +1.963e-01     traza total: -1.665e-16
     |V_ii + V_(N+1-i,N+1-i)| max sobre ocupados = 3.22e-01

  N=10 (N%4=2)
     V_ii ocupados : [-0.3032 -0.0658 -0.1168  0.3032 -0.0584  0.0658 -0.      0.1168 -0.      0.0584]
     suma ocupada  : +5.204e-16      suma vacia: +1.166e-15     traza total: +1.610e-15
     |V_ii + V_(N+1-i,N+1-i)| max sobre ocupados = 3.03e-01

  N=14 (N%4=2)
     V_ii ocupados : [-0.2697 -0.0672 -0.2836  0.2697 -0.1689  0.0672 -0.0303  0.2836 -0.007   0.1689 -0.      0.0303 -0.      0.007 ]
     suma ocupada  : +8.327e-17      suma vacia: +1.277e-15     traza total: +8.327e-16
     |V_ii + V_(N+1-i,N+1-i)| max sobre ocupados = 2.70e-01

defecto de emparejamiento  max|d_i + d_(N+1-i)|  sobre el bloque OCUPADO
(cero = los V_ii vienen en pares +-x exactos)

   N   N%4      lEO   lR1   lR2   phi      defecto      suma
   6    2     0.039  0.12  0.15 0.250    2.78e-16  +2.78e-16  <-- pares exactos
   6    2     0.200  0.30  0.30 0.400    5.55e-16  +4.44e-16  <-- pares exactos
   6    2     0.000  0.05  0.05 0.125    9.71e-17  -1.39e-16  <-- pares exactos

   8    0     0.039  0.12  0.15 0.250    1.45e-01  -1.96e-01
   8    0     0.200  0.30  0.30 0.400    3.61e-01  -3.61e-01
   8    0     0.000  0.05  0.05 0.125    4.30e-02  -6.78e-02

  10    2     0.039  0.12  0.15 0.250    3.54e-16  +5.55e-16  <-- pares exactos
  10    2     0.200  0.30  0.30 0.400    3.15e-01  -7.71e-01
  10    2     0.000  0.05  0.05 0.125    1.11e-16  +9.71e-17  <-- pares exactos

  12    0     0.039  0.12  0.15 0.250    5.96e-02  -1.41e-01
  12    0     0.200  0.30  0.30 0.400    1.67e-01  -2.41e-01
  12    0     0.000  0.05  0.05 0.125    2.23e-02  -4.85e-02

  14    2     0.039  0.12  0.15 0.250    1.67e-16  +1.11e-16  <-- pares exactos
  14    2     0.200  0.30  0.30 0.400    3.32e-01  -6.10e-01
  14    2     0.000  0.05  0.05 0.125    2.34e-16  -3.33e-16  <-- pares exactos

  18    2     0.039  0.12  0.15 0.250    4.72e-16  +1.11e-16  <-- pares exactos
  18    2     0.200  0.30  0.30 0.400    1.97e-01  -4.49e-01
  18    2     0.000  0.05  0.05 0.125    1.39e-16  +2.22e-16  <-- pares exactos

control: con la fase de Peierls restaurada, mismo test
  N= 6  defecto = 5.98e-02   suma = -7.70e-02
  N=10  defecto = 4.18e-02   suma = -4.61e-02
  N=14  defecto = 3.10e-02   suma = -3.21e-02
