1. E(lambda_R2) vs E(-lambda_R2), and J_s across the range
   N= 6 (N%4=2)  |E(x)-E(-x)|max=2.66e-15   |E(x)-E(0)|max=8.882e-16   |J_s(x)-J_s(0)|max=1.78e-12
   N= 8 (N%4=0)  |E(x)-E(-x)|max=2.99e-03   |E(x)-E(0)|max=5.837e-02   |J_s(x)-J_s(0)|max=1.30e-01
   N=10 (N%4=2)  |E(x)-E(-x)|max=0.00e+00   |E(x)-E(0)|max=3.553e-15   |J_s(x)-J_s(0)|max=1.07e-11

2. candidate operators U with U H U^-1 = H(lambda_R2 -> -lambda_R2)?
   N= 6  operators that work: NONE
   N= 8  operators that work: NONE
   N=10  operators that work: NONE

3. what the spinless lemma does and does not settle
   E even in lambda_R2 would give dJ_s/d(lambda_R2)=0 at 0, not independence
   over a range. Section 1 above measures which of the two we actually have.

1. E(lambda_R2) vs E(-lambda_R2), and J_s across the range
   N= 6 (N%4=2)  |E(x)-E(-x)|max=2.66e-15   |E(x)-E(0)|max=8.882e-16   |J_s(x)-J_s(0)|max=1.78e-12
   N= 8 (N%4=0)  |E(x)-E(-x)|max=2.99e-03   |E(x)-E(0)|max=5.837e-02   |J_s(x)-J_s(0)|max=1.30e-01
   N=10 (N%4=2)  |E(x)-E(-x)|max=0.00e+00   |E(x)-E(0)|max=3.553e-15   |J_s(x)-J_s(0)|max=1.07e-11

2. candidate operators U with U H U^-1 = H(lambda_R2 -> -lambda_R2)?
   N= 6  operators that work: NONE
   N= 8  operators that work: NONE
   N=10  operators that work: NONE

3. what the spinless lemma does and does not settle
   E even in lambda_R2 would give dJ_s/d(lambda_R2)=0 at 0, not independence
   over a range. Section 1 above measures which of the two we actually have.
phaseless lambda_R2: what exactly is invariant?

  N= 6 (N%4=2)  max|dE_i| todo el espectro = 1.312e-01
          max|dE_i| ocupados = 8.080e-02   vacios = 1.312e-01
          |suma ocupada movida| = 8.882e-16
          -> los niveles SI se mueven y la suma NO: cancelacion por pares
             desplazamientos ocupados: [-7.7584e-02 -1.9095e-02 -2.2204e-16 -2.2204e-16  1.5884e-02  8.0796e-02]

  N= 8 (N%4=0)  max|dE_i| todo el espectro = 1.337e-01
          max|dE_i| ocupados = 8.278e-02   vacios = 1.337e-01
          |suma ocupada movida| = 5.837e-02

  N=10 (N%4=2)  max|dE_i| todo el espectro = 1.264e-01
          max|dE_i| ocupados = 7.845e-02   vacios = 1.264e-01
          |suma ocupada movida| = 1.776e-15
          -> los niveles SI se mueven y la suma NO: cancelacion por pares
             desplazamientos ocupados: [-7.5053e-02 -3.3560e-02 -2.2349e-02 -1.7024e-02 -9.9920e-16  3.3307e-16  1.7024e-02  1.8948e-02
  3.3560e-02  7.8455e-02]

  N=14 (N%4=2)  max|dE_i| todo el espectro = 1.489e-01
          max|dE_i| ocupados = 7.614e-02   vacios = 1.489e-01
          |suma ocupada movida| = 3.553e-15
          -> los niveles SI se mueven y la suma NO: cancelacion por pares
             desplazamientos ocupados: [-7.6137e-02 -6.3797e-02 -4.6929e-02 -2.2178e-02 -8.7241e-03 -2.0322e-03  0.0000e+00  1.3878e-15
  2.0322e-03  8.7241e-03  1.8779e-02  4.6929e-02  6.7196e-02  7.6137e-02]

